// Jest Snapshot v1, https://goo.gl/fbAQLP

exports[`util.getRandomArrayList 0 1`] = `Array []`;

exports[`util.requestAnimationFrameCustom 0 1`] = `1`;
